// Jest Snapshot v1, https://goo.gl/fbAQLP

exports[`Menu should render a boilerplate of the UI 1`] = `
<nav>
  <h1>
    What's New
  </h1>
  <button
    className="local"
    onClick={[Function]}
  >
    Local News
  </button>
  <button
    className="entertainment"
    onClick={[Function]}
  >
    Entertainment
  </button>
  <button
    className="health"
    onClick={[Function]}
  >
    Health
  </button>
  <button
    className="science"
    onClick={[Function]}
  >
    Science
  </button>
  <button
    className="tech"
    onClick={[Function]}
  >
    Technology
  </button>
</nav>
`;
